// Vitest Snapshot v1, https://vitest.dev/guide/snapshot.html

exports[`Config > should match the snapshot 1`] = `
<div>
  <header
    class="css-cyjglw"
  >
    <div
      class="chakra-container css-old1by"
    >
      <div
        class="chakra-stack css-2jbh02"
      >
        <a
          href="/"
        >
          <p
            class="chakra-text css-kkaoep"
          >
            Trivia
          </p>
        </a>
        <div
          class="css-j0ozid"
        >
          <a
            href="/login"
          >
             Sign in 
          </a>
          <a
            href="/sign-up"
          >
             Sign Up 
          </a>
        </div>
      </div>
    </div>
  </header>
  <main
    class="chakra-container css-3i1d8n"
  >
    <div
      class="chakra-card css-11oh4yf"
    >
      <img
        alt="Login image"
        class="chakra-image css-1k0ltxj"
        src="/assets/setup.svg"
      />
      <div
        class="css-1updlva"
      >
        <p
          class="chakra-text css-1yfmrqw"
        >
          Trivia setup
        </p>
        <form
          role="form"
          style="width: 100%; display: flex; align-items: center; justify-content: center; flex-direction: column;"
        >
          <div
            class="css-1ggap6e"
          >
            <div
              class="chakra-form-control css-1u79ci6"
              role="group"
            >
              <label
                class="chakra-form__label css-t3kal5"
                for="category"
                id="field-:r0:-label"
              >
                Category
              </label>
              <div
                class="chakra-select__wrapper css-42b2qy"
              >
                <select
                  class="chakra-select css-1ik61og"
                  id="category"
                  name="category"
                >
                  <option
                    value="9"
                  >
                    General Knowledge
                  </option>
                  <option
                    value="10"
                  >
                    Books
                  </option>
                  <option
                    value="14"
                  >
                    Television
                  </option>
                  <option
                    value="19"
                  >
                    Mathematics
                  </option>
                  <option
                    value="31"
                  >
                    Japanese Anime & Manga
                  </option>
                </select>
                <div
                  class="chakra-select__icon-wrapper css-162mkon"
                >
                  <svg
                    aria-hidden="true"
                    class="chakra-select__icon"
                    focusable="false"
                    role="presentation"
                    style="width: 1em; height: 1em; color: currentColor;"
                    viewBox="0 0 24 24"
                  >
                    <path
                      d="M16.59 8.59L12 13.17 7.41 8.59 6 10l6 6 6-6z"
                      fill="currentColor"
                    />
                  </svg>
                </div>
              </div>
            </div>
            <div
              class="chakra-form-control css-1u79ci6"
              role="group"
            >
              <label
                class="chakra-form__label css-t3kal5"
                for="difficulty"
                id="field-:r1:-label"
              >
                Difficulty
              </label>
              <div
                class="chakra-select__wrapper css-42b2qy"
              >
                <select
                  class="chakra-select css-1ik61og"
                  id="difficulty"
                  name="difficulty"
                >
                  <option
                    value="any"
                  >
                    Any
                  </option>
                  <option
                    value="easy"
                  >
                    Easy
                  </option>
                  <option
                    value="medium"
                  >
                    Medium
                  </option>
                  <option
                    value="hard"
                  >
                    Hard
                  </option>
                </select>
                <div
                  class="chakra-select__icon-wrapper css-162mkon"
                >
                  <svg
                    aria-hidden="true"
                    class="chakra-select__icon"
                    focusable="false"
                    role="presentation"
                    style="width: 1em; height: 1em; color: currentColor;"
                    viewBox="0 0 24 24"
                  >
                    <path
                      d="M16.59 8.59L12 13.17 7.41 8.59 6 10l6 6 6-6z"
                      fill="currentColor"
                    />
                  </svg>
                </div>
              </div>
            </div>
            <div
              class="chakra-form-control css-1u79ci6"
              role="group"
            >
              <label
                class="chakra-form__label css-19h9qxr"
                for="amount"
                id="field-:r2:-label"
              >
                Number of questions
              </label>
              <div
                class="chakra-select__wrapper css-42b2qy"
              >
                <select
                  class="chakra-select css-1ik61og"
                  id="amount"
                  name="amount"
                >
                  <option
                    value="5"
                  >
                    5
                  </option>
                  <option
                    value="10"
                  >
                    10
                  </option>
                  <option
                    value="15"
                  >
                    15
                  </option>
                </select>
                <div
                  class="chakra-select__icon-wrapper css-162mkon"
                >
                  <svg
                    aria-hidden="true"
                    class="chakra-select__icon"
                    focusable="false"
                    role="presentation"
                    style="width: 1em; height: 1em; color: currentColor;"
                    viewBox="0 0 24 24"
                  >
                    <path
                      d="M16.59 8.59L12 13.17 7.41 8.59 6 10l6 6 6-6z"
                      fill="currentColor"
                    />
                  </svg>
                </div>
              </div>
            </div>
            <div
              class="chakra-form-control css-1u79ci6"
              role="group"
            >
              <label
                class="chakra-form__label css-19h9qxr"
                for="gameMode"
                id="field-:r3:-label"
              >
                Game mode
              </label>
              <div
                class="chakra-select__wrapper css-42b2qy"
              >
                <select
                  class="chakra-select css-1ik61og"
                  id="gameMode"
                  name="gameMode"
                >
                  <option
                    value="single"
                  >
                    Single player
                  </option>
                  <option
                    value="multi"
                  >
                    Multiplayer
                  </option>
                </select>
                <div
                  class="chakra-select__icon-wrapper css-162mkon"
                >
                  <svg
                    aria-hidden="true"
                    class="chakra-select__icon"
                    focusable="false"
                    role="presentation"
                    style="width: 1em; height: 1em; color: currentColor;"
                    viewBox="0 0 24 24"
                  >
                    <path
                      d="M16.59 8.59L12 13.17 7.41 8.59 6 10l6 6 6-6z"
                      fill="currentColor"
                    />
                  </svg>
                </div>
              </div>
            </div>
          </div>
          <button
            class="chakra-button css-1w54gy2"
            type="submit"
          >
            Start trivia
          </button>
        </form>
      </div>
    </div>
  </main>
  <footer
    class="css-1s2lyti"
  >
    <div
      class="chakra-container css-0"
    >
      <div
        class="chakra-stack css-11h4xmw"
      >
        <a
          href="/"
        >
          <p
            class="chakra-text css-rekzoj"
          >
            Trivia
          </p>
        </a>
        <div
          class="css-0"
        >
          <strong
            class="chakra-heading css-kf3i1p"
          >
            Site map
          </strong>
          <div
            class="chakra-stack css-1ko7mmx"
          >
            <a
              href="/"
            >
              Home
            </a>
            <a
              href="/login"
            >
              Sign in
            </a>
            <a
              href="/sign-up"
            >
              Sign up
            </a>
          </div>
        </div>
        <div
          class="css-0"
        >
          <strong
            class="chakra-heading css-kf3i1p"
          >
            Social
          </strong>
          <div
            class="chakra-stack css-1ko7mmx"
          >
            <a
              href="https://www.linkedin.com/in/ingrid-flack/"
            >
              LinkedIn
            </a>
            <a
              href="https://github.com/ingridflack"
            >
              GitHub
            </a>
          </div>
        </div>
      </div>
      <div
        class="chakra-stack css-1y3yl0q"
      >
        <p
          class="chakra-text css-0"
        >
          © 2024 Trivia App
        </p>
        <p
          class="chakra-text css-0"
        >
          Developed by Ingrid Flack
        </p>
      </div>
    </div>
  </footer>
</div>
`;
