// Vitest Snapshot v1, https://vitest.dev/guide/snapshot.html

exports[`CategoryCard > should match the snapshot 1`] = `
<div>
  <div
    class="chakra-card css-1ws3iy8"
  >
    <div
      class="css-mssj5r"
    >
      <img
        alt="Test Category"
        class="chakra-image css-0"
        src="test-icon.png"
      />
    </div>
    <p
      class="chakra-text css-1ey7oos"
    >
      Test Category
    </p>
    <button
      class="chakra-button css-1k532n6"
      type="button"
    >
      Play
    </button>
  </div>
</div>
`;
