// Vitest Snapshot v1, https://vitest.dev/guide/snapshot.html

exports[`PendingTriviaList > should match the snapshot 1`] = `
<div>
  <div
    class="chakra-stack css-1sa45dc"
  >
    <div
      class="chakra-card css-2dlz7"
    >
      <span
        class="chakra-badge css-8k89l4"
      >
        easy
      </span>
      <div
        class="chakra-stack css-xzl3c"
      >
        <div
          class="css-7d8kcm"
        >
          <img
            class="chakra-image css-0"
          />
        </div>
        <div
          class="css-0"
        >
          <p
            class="chakra-text css-8ler1h"
          />
        </div>
      </div>
      <a
        class="chakra-button css-10idvi4"
        href="/trivia/66c8f351942dd47ad29d4ba1"
      >
        Join
        <div
          class="chakra-avatar__group css-1monvpv"
          role="group"
        >
          <span
            class="chakra-avatar css-r8mluz"
          >
            <div
              aria-label="User2"
              class="chakra-avatar__initials css-0"
              role="img"
            >
              U
            </div>
          </span>
          <span
            class="chakra-avatar css-1r121ij"
          >
            <div
              aria-label="User1"
              class="chakra-avatar__initials css-0"
              role="img"
            >
              U
            </div>
          </span>
        </div>
      </a>
    </div>
    <div
      class="chakra-card css-2dlz7"
    >
      <span
        class="chakra-badge css-8k89l4"
      >
        medium
      </span>
      <div
        class="chakra-stack css-xzl3c"
      >
        <div
          class="css-7d8kcm"
        >
          <img
            class="chakra-image css-0"
          />
        </div>
        <div
          class="css-0"
        >
          <p
            class="chakra-text css-8ler1h"
          />
        </div>
      </div>
      <a
        class="chakra-button css-10idvi4"
        href="/trivia/66c8f351942dd47ad29d4ba2"
      >
        Join
        <div
          class="chakra-avatar__group css-1monvpv"
          role="group"
        >
          <span
            class="chakra-avatar css-r8mluz"
          >
            <div
              aria-label="User4"
              class="chakra-avatar__initials css-0"
              role="img"
            >
              U
            </div>
          </span>
          <span
            class="chakra-avatar css-1r121ij"
          >
            <div
              aria-label="User3"
              class="chakra-avatar__initials css-0"
              role="img"
            >
              U
            </div>
          </span>
        </div>
      </a>
    </div>
  </div>
</div>
`;
