// Vitest Snapshot v1, https://vitest.dev/guide/snapshot.html

exports[`ResetPasswordForm > should match the snapshot 1`] = `
<div>
  <form
    class="chakra-stack css-2umoaz"
    role="form"
  >
    <div
      class="chakra-form-control css-0"
      role="group"
    >
      <label
        class="chakra-form__label css-uvho5g"
        for="password"
        id="field-:r0:-label"
      >
        Password
      </label>
      <input
        class="chakra-input css-0"
        id="password"
        placeholder="Password"
        type="password"
      />
    </div>
    <div
      class="chakra-form-control css-0"
      role="group"
    >
      <label
        class="chakra-form__label css-uvho5g"
        for="passwordConfirmation"
        id="field-:r1:-label"
      >
        Password confirmation
      </label>
      <input
        class="chakra-input css-0"
        id="passwordConfirmation"
        placeholder="Password Confirmation"
        type="password"
      />
    </div>
    <button
      class="chakra-button css-uxt1e8"
      type="submit"
    >
      Reset
    </button>
  </form>
</div>
`;

exports[`ResetPasswordForm > should match the snapshot when the token is invalid 1`] = `
<div>
  <div>
    <p>
      Invalid token.
    </p>
  </div>
</div>
`;
