// Vitest Snapshot v1, https://vitest.dev/guide/snapshot.html

exports[`ResetPasswordForm > should match the snapshot 1`] = `
<div>
  <div>
    <p>
      Invalid token.
    </p>
  </div>
</div>
`;

exports[`ResetPasswordForm > should render invalid token message when token is invalid 1`] = `
<div>
  <div>
    <p>
      Invalid token.
    </p>
  </div>
</div>
`;
